// Jest Snapshot v1, https://goo.gl/fbAQLP

exports[`loading-component, snapshot 1`] = `
<div>
  <img
    alt="Pokemon Detail"
    height="140"
    width="140"
  />
  <div
    class="css-ew1di0"
  >
    <form>
      <label>
        Give Nickname :
      </label>
      <input
        name="nickname"
        placeholder="Input here..."
        type="text"
      />
      <button
        class="css-l6cmt2"
      >
        Add to My Pokemon
      </button>
    </form>
    <span />
  </div>
</div>
`;
